docker-compose : time="
2026-02-23T04:30:23+05:
30" level=warning 
msg="D:\\project phase 
2\\INTELLIGENT CLOUD MA
NAGEMENT\\cloud-rl-opti
mizer\\docker-compose.y
ml: the attribute 
`version` is obsolete, 
it will be ignored, 
please remove it to 
avoid potential 
confusion"
At line:1 char:1
+ docker-compose build 
> build_output.log 2>&1
+ ~~~~~~~~~~~~~~~~~~~~~
~~~~~~~~~~~~~~~~~~~~~~~
    + CategoryInfo     
         : NotSpecifi  
  ed: (time="2026-02   
 -2...tial confusio    
n":String) [], Rem    
oteException
    + FullyQualifiedEr 
   rorId : NativeComm  
  andError
 
#1 [internal] load local bake definitions
#1 reading from stdin 1.19kB done
#1 DONE 0.0s

#2 [frontend internal] load build definition from Dockerfile
#2 transferring dockerfile: 387B 0.0s done
#2 WARN: FromAsCasing: 'as' and 'FROM' keywords' casing do not match (line 2)
#2 DONE 0.0s

#3 [backend internal] load build definition from Dockerfile
#3 transferring dockerfile: 502B 0.0s done
#3 DONE 0.1s

#4 [backend internal] load metadata for docker.io/library/python:3.10-slim
#4 ...

#5 [frontend internal] load metadata for docker.io/library/nginx:alpine
#5 DONE 1.2s

#6 [frontend internal] load metadata for docker.io/library/node:20-alpine
#6 DONE 1.2s

#4 [backend internal] load metadata for docker.io/library/python:3.10-slim
#4 DONE 1.2s

#7 [frontend internal] load .dockerignore
#7 transferring context: 2B done
#7 DONE 0.0s

#8 [backend internal] load .dockerignore
#8 transferring context: 2B done
#8 DONE 0.0s

#9 [frontend internal] load build context
#9 DONE 0.0s

#10 [backend internal] load build context
#10 ...

#11 [frontend build 1/6] FROM docker.io/library/node:20-alpine@sha256:09e2b3d9726018aecf269bd35325f46bf75046a643a66d28360ec71132750ec8
#11 resolve docker.io/library/node:20-alpine@sha256:09e2b3d9726018aecf269bd35325f46bf75046a643a66d28360ec71132750ec8 0.1s done
#11 DONE 0.1s

#12 [frontend stage-1 1/2] FROM docker.io/library/nginx:alpine@sha256:1d13701a5f9f3fb01aaa88cef2344d65b6b5bf6b7d9fa4cf0dca557a8d7702ba
#12 resolve docker.io/library/nginx:alpine@sha256:1d13701a5f9f3fb01aaa88cef2344d65b6b5bf6b7d9fa4cf0dca557a8d7702ba 0.2s done
#12 DONE 0.2s

#13 [backend 1/6] FROM docker.io/library/python:3.10-slim@sha256:e508a34e5491225a76fbb9e0f43ebde1f691c6a689d096d7510cf7fb17d4ba6f
#13 resolve docker.io/library/python:3.10-slim@sha256:e508a34e5491225a76fbb9e0f43ebde1f691c6a689d096d7510cf7fb17d4ba6f 0.2s done
#13 DONE 0.2s

#10 [backend internal] load build context
#10 ...

#9 [frontend internal] load build context
#9 transferring context: 998.90kB 1.0s done
#9 DONE 1.1s

#10 [backend internal] load build context
#10 ...

#14 [frontend build 5/6] COPY . .
#14 CACHED

#15 [frontend build 6/6] RUN npm run build
#15 CACHED

#16 [frontend build 2/6] WORKDIR /app
#16 CACHED

#17 [frontend build 3/6] COPY package*.json ./
#17 CACHED

#18 [frontend build 4/6] RUN npm install
#18 CACHED

#19 [frontend stage-1 2/2] COPY --from=build /app/dist /usr/share/nginx/html
#19 CACHED

#10 [backend internal] load build context
#10 ...

#20 [frontend] exporting to image
#20 exporting layers 0.0s done
#20 exporting manifest sha256:9a4e08730c10b2560c913cc3bd50ef9cc1c94e4418a2a3636eefa9f872d9e025 done
#20 exporting config sha256:3ccc72cc052af242977d25df640ca4c0dd50da15528687433d0b2104d5ceeb42 done
#20 exporting attestation manifest sha256:d5ab113906e9625f056becc35d0dfc20bb14771fe5b21fda1434e3679cfe133d 0.1s done
#20 exporting manifest list sha256:9b9a64c2769c363d80c1cc7eca06472cb041c917b3f2d2f85736aa8ecfdb3758 0.1s done
#20 naming to docker.io/library/cloud-rl-optimizer-frontend:latest done
#20 unpacking to docker.io/library/cloud-rl-optimizer-frontend:latest 0.0s done
#20 DONE 0.4s

#10 [backend internal] load build context
#10 ...

#21 [frontend] resolving provenance for metadata file
#21 DONE 0.0s

#10 [backend internal] load build context
#10 transferring context: 3.68MB 3.2s done
#10 DONE 3.3s

#22 [backend 3/6] RUN apt-get update && apt-get install -y build-essential libopenmpi-dev && rm -rf /var/lib/apt/lists/*
#22 CACHED

#23 [backend 2/6] WORKDIR /app
#23 CACHED

#24 [backend 4/6] COPY requirements.txt .
#24 CACHED

#25 [backend 5/6] RUN pip install --no-cache-dir -r requirements.txt
#25 1.787 Collecting absl-py==2.4.0
#25 1.837   Downloading absl_py-2.4.0-py3-none-any.whl (135 kB)
#25 1.869      ΓöüΓöüΓöüΓöüΓöüΓöüΓöüΓöüΓöüΓöüΓöüΓöüΓöüΓöüΓöüΓöüΓöüΓöüΓöüΓöüΓöüΓöüΓöüΓöüΓöüΓöüΓöüΓöüΓöüΓöüΓöüΓöüΓöüΓöüΓöüΓöüΓöüΓöüΓöü 135.8/135.8 kB 4.5 MB/s eta 0:00:00
#25 1.950 Collecting ale-py==0.11.2
#25 1.967   Downloading ale_py-0.11.2-cp310-cp310-manylinux2014_x86_64.manylinux_2_17_x86_64.whl (5.1 MB)
#25 2.712      ΓöüΓöüΓöüΓöüΓöüΓöüΓöüΓöüΓöüΓöüΓöüΓöüΓöüΓöüΓöüΓöüΓöüΓöüΓöüΓöüΓöüΓöüΓöüΓöüΓöüΓöüΓöüΓöüΓöüΓöüΓöüΓöüΓöüΓöüΓöüΓöüΓöüΓöüΓöüΓöü 5.1/5.1 MB 6.8 MB/s eta 0:00:00
#25 2.742 Collecting annotated-doc==0.0.4
#25 2.762   Downloading annotated_doc-0.0.4-py3-none-any.whl (5.3 kB)
#25 2.810 Collecting annotated-types==0.7.0
#25 2.827   Downloading annotated_types-0.7.0-py3-none-any.whl (13 kB)
#25 2.871 Collecting anyio==4.12.1
#25 2.889   Downloading anyio-4.12.1-py3-none-any.whl (113 kB)
#25 2.904      ΓöüΓöüΓöüΓöüΓöüΓöüΓöüΓöüΓöüΓöüΓöüΓöüΓöüΓöüΓöüΓöüΓöüΓöüΓöüΓöüΓöüΓöüΓöüΓöüΓöüΓöüΓöüΓöüΓöüΓöüΓöüΓöüΓöüΓöüΓöüΓöüΓöüΓöüΓöü 113.6/113.6 kB 8.6 MB/s eta 0:00:00
#25 3.609 Collecting boto3==1.42.54
#25 3.631   Downloading boto3-1.42.54-py3-none-any.whl (140 kB)
#25 3.662      ΓöüΓöüΓöüΓöüΓöüΓöüΓöüΓöüΓöüΓöüΓöüΓöüΓöüΓöüΓöüΓöüΓöüΓöüΓöüΓöüΓöüΓöüΓöüΓöüΓöüΓöüΓöüΓöüΓöüΓöüΓöüΓöüΓöüΓöüΓöüΓöüΓöüΓöüΓöü 140.6/140.6 kB 4.8 MB/s eta 0:00:00
#25 4.438 Collecting botocore==1.42.54
#25 4.464   Downloading botocore-1.42.54-py3-none-any.whl (14.6 MB)
#25 6.809      ΓöüΓöüΓöüΓöüΓöüΓöüΓöüΓöüΓöüΓöüΓöüΓöüΓöüΓöüΓöüΓöüΓöüΓöüΓöüΓöüΓöüΓöüΓöüΓöüΓöüΓöüΓöüΓöüΓöüΓöüΓöüΓöüΓöüΓöüΓöüΓöüΓöüΓöüΓöüΓöü 14.6/14.6 MB 6.3 MB/s eta 0:00:00
#25 6.875 Collecting certifi==2026.1.4
#25 6.888   Downloading certifi-2026.1.4-py3-none-any.whl (152 kB)
#25 6.928      ΓöüΓöüΓöüΓöüΓöüΓöüΓöüΓöüΓöüΓöüΓöüΓöüΓöüΓöüΓöüΓöüΓöüΓöüΓöüΓöüΓöüΓöüΓöüΓöüΓöüΓöüΓöüΓöüΓöüΓöüΓöüΓöüΓöüΓöüΓöüΓöüΓöüΓöüΓöü 152.9/152.9 kB 4.8 MB/s eta 0:00:00
#25 7.160 Collecting charset-normalizer==3.4.4
#25 7.186   Downloading charset_normalizer-3.4.4-cp310-cp310-manylinux2014_x86_64.manylinux_2_17_x86_64.manylinux_2_28_x86_64.whl (153 kB)
#25 7.245      ΓöüΓöüΓöüΓöüΓöüΓöüΓöüΓöüΓöüΓöüΓöüΓöüΓöüΓöüΓöüΓöüΓöüΓöüΓöüΓöüΓöüΓöüΓöüΓöüΓöüΓöüΓöüΓöüΓöüΓöüΓöüΓöüΓöüΓöüΓöüΓöüΓöüΓöüΓöü 153.6/153.6 kB 2.6 MB/s eta 0:00:00
#25 7.294 Collecting click==8.3.1
#25 7.323   Downloading click-8.3.1-py3-none-any.whl (108 kB)
#25 7.337      ΓöüΓöüΓöüΓöüΓöüΓöüΓöüΓöüΓöüΓöüΓöüΓöüΓöüΓöüΓöüΓöüΓöüΓöüΓöüΓöüΓöüΓöüΓöüΓöüΓöüΓöüΓöüΓöüΓöüΓöüΓöüΓöüΓöüΓöüΓöüΓöüΓöüΓöüΓöü 108.3/108.3 kB 9.9 MB/s eta 0:00:00
#25 7.387 Collecting cloudpickle==3.1.2
#25 7.409   Downloading cloudpickle-3.1.2-py3-none-any.whl (22 kB)
#25 7.468 Collecting colorama==0.4.6
#25 7.489   Downloading colorama-0.4.6-py2.py3-none-any.whl (25 kB)
#25 7.651 ERROR: Ignored the following versions that require a different python version: 1.3.3 Requires-Python >=3.11
#25 7.654 ERROR: Could not find a version that satisfies the requirement contourpy==1.3.3 (from versions: 0.0.1, 0.0.2, 0.0.3, 0.0.4, 0.0.5, 1.0.0, 1.0.1, 1.0.2, 1.0.3, 1.0.4, 1.0.5, 1.0.6, 1.0.7, 1.1.0, 1.1.1rc1, 1.1.1, 1.2.0, 1.2.1rc1, 1.2.1, 1.3.0, 1.3.1, 1.3.2)
#25 7.654 ERROR: No matching distribution found for contourpy==1.3.3
#25 7.796 
#25 7.796 [notice] A new release of pip is available: 23.0.1 -> 26.0.1
#25 7.796 [notice] To update, run: pip install --upgrade pip
#25 ERROR: process "/bin/sh -c pip install --no-cache-dir -r requirements.txt" did not complete successfully: exit code: 1
------
 > [backend 5/6] RUN pip install --no-cache-dir -r requirements.txt:
7.387 Collecting cloudpickle==3.1.2
7.409   Downloading cloudpickle-3.1.2-py3-none-any.whl (22 kB)
7.468 Collecting colorama==0.4.6
7.489   Downloading colorama-0.4.6-py2.py3-none-any.whl (25 kB)
7.651 ERROR: Ignored the following versions that require a different python version: 1.3.3 Requires-Python >=3.11
7.654 ERROR: Could not find a version that satisfies the requirement contourpy==1.3.3 (from versions: 0.0.1, 0.0.2, 0.0.3, 0.0.4, 0.0.5, 1.0.0, 1.0.1, 1.0.2, 1.0.3, 1.0.4, 1.0.5, 1.0.6, 1.0.7, 1.1.0, 1.1.1rc1, 1.1.1, 1.2.0, 1.2.1rc1, 1.2.1, 1.3.0, 1.3.1, 1.3.2)
7.654 ERROR: No matching distribution found for contourpy==1.3.3
7.796 
7.796 [notice] A new release of pip is available: 23.0.1 -> 26.0.1
7.796 [notice] To update, run: pip install --upgrade pip
------
Dockerfile:9

--------------------

   7 |     

   8 |     COPY 
requirements.txt .

   9 | >>> RUN pip 
install --no-cache-dir 
-r requirements.txt

  10 |     

  11 |     # Copy 
source code and the 
trained model

--------------------

target backend: failed 
to solve: process 
"/bin/sh -c pip 
install --no-cache-dir 
-r requirements.txt" 
did not complete 
successfully: exit 
code: 1



View build details: doc
ker-desktop://dashboard
/build/desktop-linux/de
sktop-linux/72lqenwlejh
srsgm1855zu1t3

